<!-- extedit view -->
<a href="?&amp;extedit_action=edit">Edit</a>
some content