<p class="xh_fail">The file vfs://root/content/extedit/test.htm couldn't be saved.</p>
<!-- extedit edit -->
<a href="?">View</a>
<form action="" method="POST">
  <textarea name="extedit_test_text" cols="80" rows="25" class="xh-editor" style="width: 100%">some content</textarea>
  <input type="hidden" name="extedit_test_mtime" value="0">
</form>
