<!DOCTYPE html>
<!-- extedit imagepicker -->
<html>
  <head>
    <meta http-equiv="Content-type" content="text/html;charset=UTF-8">
    <title>Choose an Image</title>
    <link rel="stylesheet" href="./css/stylesheet.css" type="text/css">
    <script type="module" src="./imagepicker.min.js"></script>
  </head>
  <body>
    <div id="imagepicker" data-editor="tinymce4">
      <img src="vfs://root/userfiles/images/cmb/image.jpg" alt="image.jpg (640 × 480 px)" title="image.jpg (640 × 480 px)" data-url="vfs://root/userfiles/images/cmb/image.jpg"/>
      <img src="vfs://root/userfiles/images/cmb/image.png" alt="image.png (480 × 640 px)" title="image.png (480 × 640 px)" data-url="vfs://root/userfiles/images/cmb/image.png"/>
    </div>
    <form id="upload" action="/?Extedit&amp;function=extedit_imagepicker" method="post" enctype="multipart/form-data">
      <input type="hidden" name="extedit_token" value="C241yFT+b4BFU7hhp2oY">
      <input name="extedit_file" type="file">
      <button>Upload</button>
    </form>
  </body>
</html>
