<!DOCTYPE html>
<!-- extedit imagepicker -->
<html>
  <head>
    <meta http-equiv="Content-type" content="text/html;charset=UTF-8">
    <title>Choose an Image</title>
    <link rel="stylesheet" href="./css/stylesheet.css" type="text/css">
    <script type="module" src="./imagepicker.min.js"></script>
  </head>
  <body>
    <div id="message"><p>The uploaded file exceeds the upload_max_filesize directive in php.ini!</p></div>
    <div id="imagepicker" data-editor="tinymce4">
      <p>There are no images in the image folder.</p>
    </div>
    <form id="upload" action="/?Extedit&amp;function=extedit_imagepicker" method="post" enctype="multipart/form-data">
      <input type="hidden" name="extedit_token" value="C241yFT+b4BFU7hhp2oY">
      <input name="extedit_file" type="file">
      <button>Upload</button>
    </form>
  </body>
</html>
