<!-- extedit info -->
<h1>Extedit 2.0-dev</h1>
<h2>Synopsis</h2>
<p><code>{{{extedit('%USERNAME%', '%TEXTNAME%');}}}</code></p>
<p>
  <code>%USERNAME%</code>:
  <span>The name of the Register_XH or Memberpages_XH user, who may edit the content.</span>
</p>
<p>
  <code>%TEXTNAME%</code>:
  <span>The unique name of the &quot;extedit&quot;. Omit this parameter to use the heading of the containing page.</span>
</p>
<h2>System check</h2>
<ul style="list-style: none">
  <li>
    <img src="./images/ok.png" alt="ok" style="padding-right: 1em"/>
    PHP version â‰¥ 7.1.0  </li>
  <li>
    <img src="./images/ok.png" alt="ok" style="padding-right: 1em"/>
    Extension 'fileinfo' loaded  </li>
  <li>
    <img src="./images/ok.png" alt="ok" style="padding-right: 1em"/>
    Extension 'session' loaded  </li>
  <li>
    <img src="./images/ok.png" alt="ok" style="padding-right: 1em"/>
    Folder './config/' writable  </li>
  <li>
    <img src="./images/ok.png" alt="ok" style="padding-right: 1em"/>
    Folder './languages/' writable  </li>
  <li>
    <img src="./images/ok.png" alt="ok" style="padding-right: 1em"/>
    Folder 'vfs://root/content/extedit/' writable  </li>
</ul>
