<script>
var extedit_filepicker_url = "\/?&function=extedit_imagepicker";
</script>
